Microchip MPLAB XC8 Compiler V1.36 ()

Linker command line:

-W-3 --edf=C:\Program Files (x86)\Microchip\xc8\v1.36\dat\en_msgs.txt -cs \
  -h+dist/default/production\my_uart.X.production.sym \
  --cmf=dist/default/production\my_uart.X.production.cmf -z -Q16F877A \
  -oC:\Users\Paulo\AppData\Local\Temp\s1mo.2 \
  -Mdist/default/production/my_uart.X.production.map -E1 -ver=XC8 \
  -ASTACK=0110h-016fh -pstack=STACK -ACODE=00h-07FFhx4 -ASTRCODE=00h-01FFFh \
  -ASTRING=00h-0FFhx32 -ACONST=00h-0FFhx32 -AENTRY=00h-0FFhx32 \
  -ACOMMON=070h-07Fh -ABANK0=020h-06Fh -ABANK1=0A0h-0EFh \
  -ABANK2=0110h-016Fh -ABANK3=0190h-01EFh \
  -ARAM=020h-06Fh,0A0h-0EFh,0110h-016Fh,0190h-01EFh \
  -AABS1=020h-07Fh,0A0h-0EFh,0110h-016Fh,0190h-01EFh -ASFR0=00h-01Fh \
  -ASFR1=080h-09Fh -ASFR2=0100h-010Fh -ASFR3=0180h-018Fh \
  -preset_vec=00h,intentry=04h,init,end_init -ppowerup=CODE -pcinit=CODE \
  -pfunctab=CODE -ACONFIG=02007h-02007h -pconfig=CONFIG -DCONFIG=2 \
  -AIDLOC=02000h-02003h -pidloc=IDLOC -DIDLOC=2 -AEEDATA=00h-0FFh/02100h \
  -peeprom_data=EEDATA -DEEDATA=2 -DCODE=2 -DSTRCODE=2 -DSTRING=2 -DCONST=2 \
  -DENTRY=2 -k C:\Users\Paulo\AppData\Local\Temp\s1mo.obj \
  dist/default/production\my_uart.X.production.obj 

Object code version is 3.11

Machine type is 16F877A



                Name                               Link     Load   Length Selector   Space Scale
C:\Users\Paulo\AppData\Local\Temp\s1mo.obj
                end_init                             12       12        3        8       0
                reset_vec                             0        0        3        0       0
                config                             2007     2007        1     400E       0
dist/default/production\my_uart.X.production.obj
                cinit                                15       15        C        8       0
                intentry                              4        4        E        8       0
                text13                              2D6      2D6        F      3A4       0
                text12                              2C2      2C2       14      3A4       0
                text11                              2FE      2FE        9      3A4       0
                text10                              2AC      2AC       16      3A4       0
                text9                               2F3      2F3        B      3A4       0
                text8                               101      101       69        8       0
                text7                               265      265       27      3A4       0
                text6                               2E5      2E5        E      3A4       0
                text5                                21       21       71        8       0
                text4                               23D      23D       28      3A4       0
                text3                                92       92       6F        8       0
                text2                               212      212       2B      3A4       0
                text1                               28C      28C       20      3A4       0
                maintext                            1D2      1D2       40      3A4       0
                cstackBANK0                          60       60        D       20       1
                cstackCOMMON                         70       70        9       70       1
                clrtext                             307      307        8      3A4       0
                bssBANK0                             20       20       40       20       1
                bssCOMMON                            79       79        1       70       1
                strings                             16A      16A       68      2D4       0

TOTAL           Name                               Link     Load   Length     Space
        CLASS   STACK          

        CLASS   CODE           
                end_init                             12       12        3         0
                cinit                                15       15        C         0
                intentry                              4        4        E         0
                reset_vec                             0        0        3         0
                text13                              2D6      2D6        F         0
                text12                              2C2      2C2       14         0
                text11                              2FE      2FE        9         0
                text10                              2AC      2AC       16         0
                text9                               2F3      2F3        B         0
                text8                               101      101       69         0
                text7                               265      265       27         0
                text6                               2E5      2E5        E         0
                text5                                21       21       71         0
                text4                               23D      23D       28         0
                text3                                92       92       6F         0
                text2                               212      212       2B         0
                text1                               28C      28C       20         0
                maintext                            1D2      1D2       40         0
                clrtext                             307      307        8         0

        CLASS   STRCODE        

        CLASS   STRING         
                strings                             16A      16A       68         0

        CLASS   CONST          

        CLASS   ENTRY          

        CLASS   COMMON         
                cstackCOMMON                         70       70        9         1
                bssCOMMON                            79       79        1         1

        CLASS   BANK0          
                cstackBANK0                          60       60        D         1
                bssBANK0                             20       20       40         1

        CLASS   BANK1          

        CLASS   BANK2          

        CLASS   BANK3          

        CLASS   RAM            

        CLASS   ABS1           
                abs_s1                               7E       7E        2         1

        CLASS   SFR0           

        CLASS   SFR1           

        CLASS   SFR2           

        CLASS   SFR3           

        CLASS   CONFIG         
                config                             2007     2007        1         0

        CLASS   IDLOC          

        CLASS   EEDATA         



SEGMENTS        Name                           Load    Length   Top    Selector   Space  Class     Delta

                reset_vec                      000000  000003  000003         0       0  CODE        2
                intentry                       000004  000166  00016A         8       0  CODE        2
                bssBANK0                       000020  00004D  00006D        20       1  BANK0       1
                cstackCOMMON                   000070  00000A  00007A        70       1  COMMON      1
                strings                        00016A  000068  0001D2       2D4       0  STRING      2
                maintext                       0001D2  00013D  00030F       3A4       0  CODE        2
                config                         002007  000001  002008      400E       0  CONFIG      2


UNUSED ADDRESS RANGES

        Name                Unused          Largest block    Delta
        BANK0            006D-006F              3           1
        BANK1            00A0-00EF             50           1
        BANK2            0110-016F             60           1
        BANK3            0190-01EF             60           1
        CODE             0003-0003              1           2
                         030F-1FFF            800
        COMMON           007A-007D              4           1
        CONST            0003-0003              1           2
                         030F-1FFF            100
        EEDATA           2100-21FF            100           2
        ENTRY            0003-0003              1           2
                         030F-1FFF            100
        IDLOC            2000-2003              4           2
        RAM              006D-006F              3           1
                         00A0-00EF             50
                         0110-016F             60
                         0190-01EF             60
        SFR0             0000-001F             20           1
        SFR1             0080-009F             20           1
        SFR2             0100-010F             10           1
        SFR3             0180-018F             10           1
        STACK            0110-016F             60           1
        STRCODE          0003-0003              1           2
                         030F-1FFF           1CF1
        STRING           0003-0003              1           2
                         030F-1FFF            100

                                  Symbol Table

?___wmul                   cstackCOMMON 0074
?_atoi                     cstackBANK0  0062
?_is_numeric               cstackCOMMON 0076
?_printf                   cstackCOMMON 0075
_ADCON0                    (abs)        001F
_ADCON1                    (abs)        009F
_BRGH                      (abs)        04C2
_CMCON                     (abs)        009C
_CREN                      (abs)        00C4
_GIE                       (abs)        005F
_PEIE                      (abs)        005E
_PORTC                     (abs)        0007
_RC0                       (abs)        0038
_RCIE                      (abs)        0465
_RCIF                      (abs)        0065
_RCREG                     (abs)        001A
_SPBRG                     (abs)        0099
_SPEN                      (abs)        00C7
_SYNC                      (abs)        04C4
_TRISC0                    (abs)        0438
_TX9                       (abs)        04C6
_TXEN                      (abs)        04C5
_TXREG                     (abs)        0019
_TXSTAbits                 (abs)        0098
_UART_init                 text12       02C2
__CFG_BOREN$OFF            (abs)        0000
__CFG_CP$OFF               (abs)        0000
__CFG_CPD$OFF              (abs)        0000
__CFG_FOSC$HS              (abs)        0000
__CFG_LVP$OFF              (abs)        0000
__CFG_PWRTE$OFF            (abs)        0000
__CFG_WDTE$OFF             (abs)        0000
__CFG_WRT$OFF              (abs)        0000
__Habs1                    abs1         0000
__Hbank0                   bank0        0000
__Hbank1                   bank1        0000
__Hbank2                   bank2        0000
__Hbank3                   bank3        0000
__HbssBANK0                bssBANK0     0000
__HbssCOMMON               bssCOMMON    0000
__Hcinit                   cinit        0021
__Hclrtext                 clrtext      0000
__Hcode                    code         0000
__Hcommon                  common       0000
__Hconfig                  config       2008
__HcstackBANK0             cstackBANK0  0000
__HcstackCOMMON            cstackCOMMON 0000
__Heeprom_data             eeprom_data  0000
__Hend_init                end_init     0015
__Hfunctab                 functab      0000
__Hidloc                   idloc        0000
__Hinit                    init         0012
__Hintentry                intentry     0012
__Hmaintext                maintext     0000
__Hpowerup                 powerup      0000
__Hram                     ram          0000
__Hreset_vec               reset_vec    0003
__Hsfr0                    sfr0         0000
__Hsfr1                    sfr1         0000
__Hsfr2                    sfr2         0000
__Hsfr3                    sfr3         0000
__Hspace_0                 (abs)        2008
__Hspace_1                 (abs)        007A
__Hspace_2                 (abs)        0000
__Hspace_3                 (abs)        0000
__Hstack                   stack        0000
__Hstrings                 strings      0000
__Htext                    text         0000
__Labs1                    abs1         0000
__Lbank0                   bank0        0000
__Lbank1                   bank1        0000
__Lbank2                   bank2        0000
__Lbank3                   bank3        0000
__LbssBANK0                bssBANK0     0000
__LbssCOMMON               bssCOMMON    0000
__Lcinit                   cinit        0015
__Lclrtext                 clrtext      0000
__Lcode                    code         0000
__Lcommon                  common       0000
__Lconfig                  config       2007
__LcstackBANK0             cstackBANK0  0000
__LcstackCOMMON            cstackCOMMON 0000
__Leeprom_data             eeprom_data  0000
__Lend_init                end_init     0012
__Lfunctab                 functab      0000
__Lidloc                   idloc        0000
__Linit                    init         0012
__Lintentry                intentry     0004
__Lmaintext                maintext     0000
__Lpowerup                 powerup      0000
__Lram                     ram          0000
__Lreset_vec               reset_vec    0000
__Lsfr0                    sfr0         0000
__Lsfr1                    sfr1         0000
__Lsfr2                    sfr2         0000
__Lsfr3                    sfr3         0000
__Lspace_0                 (abs)        0000
__Lspace_1                 (abs)        0000
__Lspace_2                 (abs)        0000
__Lspace_3                 (abs)        0000
__Lstack                   stack        0000
__Lstrings                 strings      0000
__Ltext                    text         0000
__S0                       (abs)        2008
__S1                       (abs)        007A
__S2                       (abs)        0000
__S3                       (abs)        0000
___int_sp                  stack        0000
___latbits                 (abs)        0002
___sp                      stack        0000
___wmul                    text7        0265
___wmul@multiplicand       cstackCOMMON 0076
___wmul@multiplier         cstackCOMMON 0074
___wmul@product            cstackBANK0  0060
__end_of_UART_init         text12       02D6
__end_of___wmul            text7        028C
__end_of__initialization   cinit        001D
__end_of__stringtab        strings      017A
__end_of_atoi              text5        0092
__end_of_cgets             text8        016A
__end_of_getch             text11       0307
__end_of_getche            text9        02FE
__end_of_interrupcao       text13       02E5
__end_of_is_numeric        text4        0265
__end_of_isdigit           text6        02F3
__end_of_main              maintext     0212
__end_of_manipula_entrada  text1        02AC
__end_of_printf            text3        0101
__end_of_pulse             text2        023D
__end_of_putch             text10       02C2
__initialization           cinit        0015
__pbssBANK0                bssBANK0     0020
__pbssCOMMON               bssCOMMON    0079
__pcstackBANK0             cstackBANK0  0060
__pcstackCOMMON            cstackCOMMON 0070
__pintentry                intentry     0004
__pmaintext                maintext     01D2
__pstrings                 strings      016A
__ptext1                   text1        028C
__ptext10                  text10       02AC
__ptext11                  text11       02FE
__ptext12                  text12       02C2
__ptext13                  text13       02D6
__ptext2                   text2        0212
__ptext3                   text3        0092
__ptext4                   text4        023D
__ptext5                   text5        0021
__ptext6                   text6        02E5
__ptext7                   text7        0265
__ptext8                   text8        0101
__ptext9                   text9        02F3
__size_of_UART_init        (abs)        0000
__size_of___wmul           (abs)        0000
__size_of_atoi             (abs)        0000
__size_of_cgets            (abs)        0000
__size_of_getch            (abs)        0000
__size_of_getche           (abs)        0000
__size_of_interrupcao      (abs)        0000
__size_of_is_numeric       (abs)        0000
__size_of_isdigit          (abs)        0000
__size_of_main             (abs)        0000
__size_of_manipula_entrada (abs)        0000
__size_of_printf           (abs)        0000
__size_of_pulse            (abs)        0000
__size_of_putch            (abs)        0000
__stringbase               strings      0179
__stringtab                strings      016A
_atoi                      text5        0021
_cgets                     text8        0101
_entrada                   bssBANK0     0020
_getch                     text11       02FE
_getchar_active            bssCOMMON    0079
_getche                    text9        02F3
_interrupcao               text13       02D6
_is_numeric                text4        023D
_isdigit                   text6        02E5
_isdigit$367               cstackCOMMON 0074
_main                      maintext     01D2
_manipula_entrada          text1        028C
_printf                    text3        0092
_pulse                     text2        0212
_putch                     text10       02AC
atoi@a                     cstackBANK0  0067
atoi@s                     cstackBANK0  0069
atoi@sign                  cstackBANK0  0066
btemp                      (abs)        007E
cgets@c                    cstackBANK0  0060
cgets@s                    cstackBANK0  0062
cgets@s1                   cstackBANK0  0063
clear_ram0                 clrtext      0307
end_of_initialization      cinit        001D
getche@c                   cstackCOMMON 0075
interrupt_function         intentry     0004
intlevel0                  functab      0000
intlevel1                  functab      0000
intlevel2                  functab      0000
intlevel3                  functab      0000
intlevel4                  functab      0000
intlevel5                  functab      0000
is_numeric@res             cstackBANK0  0060
is_numeric@str             cstackBANK0  0062
isdigit@c                  cstackCOMMON 0075
ltemp                      (abs)        007E
ltemp0                     (abs)        007E
ltemp1                     (abs)        0082
ltemp2                     (abs)        0086
ltemp3                     (abs)        0080
manipula_entrada@number    cstackBANK0  006A
printf@ap                  cstackBANK0  0061
printf@c                   cstackBANK0  0062
printf@cp                  cstackBANK0  0063
printf@f                   cstackBANK0  0065
printf@flag                cstackBANK0  0060
pulse@i                    cstackCOMMON 0078
pulse@number               cstackCOMMON 0077
putch@byte                 cstackCOMMON 0074
reset_vec                  reset_vec    0000
saved_w                    (abs)        007E
stackhi                    (abs)        0000
stacklo                    (abs)        0000
start                      init         0012
start_initialization       cinit        0015
ttemp                      (abs)        007E
ttemp0                     (abs)        007E
ttemp1                     (abs)        0081
ttemp2                     (abs)        0084
ttemp3                     (abs)        0087
ttemp4                     (abs)        007F
wtemp                      (abs)        007E
wtemp0                     (abs)        007E
wtemp1                     (abs)        0080
wtemp2                     (abs)        0082
wtemp3                     (abs)        0084
wtemp4                     (abs)        0086
wtemp5                     (abs)        0088
wtemp6                     (abs)        007F


FUNCTION INFORMATION:

 *************** function _main *****************
 Defined at:
		line 17 in file "uart.c"
 Parameters:    Size  Location     Type
		None
 Auto vars:     Size  Location     Type
		None
 Return value:  Size  Location     Type
                  1    wreg      void 
 Registers used:
		wreg, fsr0l, fsr0h, status,2, status,0, btemp+1, pclath, cstack
 Tracked objects:
		On entry : 
		On exit  : 
		Unchanged: 
 Data sizes:     COMMON   BANK0   BANK1   BANK3   BANK2
      Params:         0       0       0       0       0
      Locals:         0       0       0       0       0
      Temps:          0       1       0       0       0
      Totals:         0       1       0       0       0
Total ram usage:        1 bytes
 Hardware stack levels required when called:    4
 This function calls:
		_UART_init
		_cgets
		_manipula_entrada
		_printf
 This function is called by:
		Startup code after reset
 This function uses a non-reentrant model


 *************** function _manipula_entrada *****************
 Defined at:
		line 82 in file "functions_uart.h"
 Parameters:    Size  Location     Type
		None
 Auto vars:     Size  Location     Type
  number          2   10[BANK0 ] int 
 Return value:  Size  Location     Type
                  1    wreg      void 
 Registers used:
		wreg, fsr0l, fsr0h, status,2, status,0, btemp+1, pclath, cstack
 Tracked objects:
		On entry : 
		On exit  : 
		Unchanged: 
 Data sizes:     COMMON   BANK0   BANK1   BANK3   BANK2
      Params:         0       0       0       0       0
      Locals:         0       2       0       0       0
      Temps:          0       0       0       0       0
      Totals:         0       2       0       0       0
Total ram usage:        2 bytes
 Hardware stack levels used:    1
 Hardware stack levels required when called:    3
 This function calls:
		_atoi
		_is_numeric
		_printf
		_pulse
 This function is called by:
		_main
 This function uses a non-reentrant model


 *************** function _pulse *****************
 Defined at:
		line 51 in file "functions_uart.h"
 Parameters:    Size  Location     Type
  number          1    wreg     unsigned char 
 Auto vars:     Size  Location     Type
  number          1    7[COMMON] unsigned char 
  i               1    8[COMMON] unsigned char 
 Return value:  Size  Location     Type
                  1    wreg      void 
 Registers used:
		wreg, status,2, status,0
 Tracked objects:
		On entry : 
		On exit  : 
		Unchanged: 
 Data sizes:     COMMON   BANK0   BANK1   BANK3   BANK2
      Params:         0       0       0       0       0
      Locals:         2       0       0       0       0
      Temps:          3       0       0       0       0
      Totals:         5       0       0       0       0
Total ram usage:        5 bytes
 Hardware stack levels used:    1
 Hardware stack levels required when called:    1
 This function calls:
		Nothing
 This function is called by:
		_manipula_entrada
 This function uses a non-reentrant model


 *************** function _printf *****************
 Defined at:
		line 464 in file "C:\Program Files (x86)\Microchip\xc8\v1.36\sources\common\doprnt.c"
 Parameters:    Size  Location     Type
  f               1    wreg     PTR const unsigned char 
		 -> STR_5(4), STR_4(26), STR_3(19), STR_2(24), 
		 -> STR_1(8), 
 Auto vars:     Size  Location     Type
  f               1    5[BANK0 ] PTR const unsigned char 
		 -> STR_5(4), STR_4(26), STR_3(19), STR_2(24), 
		 -> STR_1(8), 
  tmpval          4    0        struct .
  cp              2    3[BANK0 ] PTR const unsigned char 
		 -> STR_6(7), entrada(64), 
  len             2    0        unsigned int 
  val             2    0        unsigned int 
  c               1    2[BANK0 ] char 
  ap              1    1[BANK0 ] PTR void [1]
		 -> ?_printf(2), 
  flag            1    0[BANK0 ] unsigned char 
  prec            1    0        char 
 Return value:  Size  Location     Type
                  2    5[COMMON] int 
 Registers used:
		wreg, fsr0l, fsr0h, status,2, status,0, btemp+1, pclath, cstack
 Tracked objects:
		On entry : 
		On exit  : 
		Unchanged: 
 Data sizes:     COMMON   BANK0   BANK1   BANK3   BANK2
      Params:         1       0       0       0       0
      Locals:         0       6       0       0       0
      Temps:          1       0       0       0       0
      Totals:         2       6       0       0       0
Total ram usage:        8 bytes
 Hardware stack levels used:    1
 Hardware stack levels required when called:    2
 This function calls:
		_putch
 This function is called by:
		_manipula_entrada
		_main
 This function uses a non-reentrant model


 *************** function _is_numeric *****************
 Defined at:
		line 64 in file "functions_uart.h"
 Parameters:    Size  Location     Type
  str             1    wreg     PTR const unsigned char 
		 -> entrada(64), 
 Auto vars:     Size  Location     Type
  str             1    2[BANK0 ] PTR const unsigned char 
		 -> entrada(64), 
  res             2    0[BANK0 ] int 
 Return value:  Size  Location     Type
                  2    6[COMMON] int 
 Registers used:
		wreg, fsr0l, fsr0h, status,2, status,0, pclath, cstack
 Tracked objects:
		On entry : 
		On exit  : 
		Unchanged: 
 Data sizes:     COMMON   BANK0   BANK1   BANK3   BANK2
      Params:         2       0       0       0       0
      Locals:         0       3       0       0       0
      Temps:          1       0       0       0       0
      Totals:         3       3       0       0       0
Total ram usage:        6 bytes
 Hardware stack levels used:    1
 Hardware stack levels required when called:    2
 This function calls:
		_isdigit
 This function is called by:
		_manipula_entrada
 This function uses a non-reentrant model


 *************** function _atoi *****************
 Defined at:
		line 5 in file "C:\Program Files (x86)\Microchip\xc8\v1.36\sources\common\atoi.c"
 Parameters:    Size  Location     Type
  s               1    wreg     PTR const unsigned char 
		 -> entrada(64), 
 Auto vars:     Size  Location     Type
  s               1    9[BANK0 ] PTR const unsigned char 
		 -> entrada(64), 
  a               2    7[BANK0 ] int 
  sign            1    6[BANK0 ] unsigned char 
 Return value:  Size  Location     Type
                  2    2[BANK0 ] int 
 Registers used:
		wreg, fsr0l, fsr0h, status,2, status,0, pclath, cstack
 Tracked objects:
		On entry : 
		On exit  : 
		Unchanged: 
 Data sizes:     COMMON   BANK0   BANK1   BANK3   BANK2
      Params:         0       2       0       0       0
      Locals:         0       4       0       0       0
      Temps:          0       2       0       0       0
      Totals:         0       8       0       0       0
Total ram usage:        8 bytes
 Hardware stack levels used:    1
 Hardware stack levels required when called:    2
 This function calls:
		___wmul
		_isdigit
 This function is called by:
		_manipula_entrada
 This function uses a non-reentrant model


 *************** function _isdigit *****************
 Defined at:
		line 8 in file "C:\Program Files (x86)\Microchip\xc8\v1.36\sources\common\isdigit.c"
 Parameters:    Size  Location     Type
  c               1    wreg     unsigned char 
 Auto vars:     Size  Location     Type
  c               1    5[COMMON] unsigned char 
 Return value:  Size  Location     Type
		None               void
 Registers used:
		wreg, status,2, status,0
 Tracked objects:
		On entry : 
		On exit  : 
		Unchanged: 
 Data sizes:     COMMON   BANK0   BANK1   BANK3   BANK2
      Params:         0       0       0       0       0
      Locals:         2       0       0       0       0
      Temps:          0       0       0       0       0
      Totals:         2       0       0       0       0
Total ram usage:        2 bytes
 Hardware stack levels used:    1
 Hardware stack levels required when called:    1
 This function calls:
		Nothing
 This function is called by:
		_is_numeric
		_atoi
 This function uses a non-reentrant model


 *************** function ___wmul *****************
 Defined at:
		line 15 in file "C:\Program Files (x86)\Microchip\xc8\v1.36\sources\common\Umul16.c"
 Parameters:    Size  Location     Type
  multiplier      2    4[COMMON] unsigned int 
  multiplicand    2    6[COMMON] unsigned int 
 Auto vars:     Size  Location     Type
  product         2    0[BANK0 ] unsigned int 
 Return value:  Size  Location     Type
                  2    4[COMMON] unsigned int 
 Registers used:
		wreg, status,2, status,0
 Tracked objects:
		On entry : 
		On exit  : 
		Unchanged: 
 Data sizes:     COMMON   BANK0   BANK1   BANK3   BANK2
      Params:         4       0       0       0       0
      Locals:         0       2       0       0       0
      Temps:          0       0       0       0       0
      Totals:         4       2       0       0       0
Total ram usage:        6 bytes
 Hardware stack levels used:    1
 Hardware stack levels required when called:    1
 This function calls:
		Nothing
 This function is called by:
		_atoi
 This function uses a non-reentrant model


 *************** function _cgets *****************
 Defined at:
		line 4 in file "C:\Program Files (x86)\Microchip\xc8\v1.36\sources\common\cgets.c"
 Parameters:    Size  Location     Type
  s               1    wreg     PTR unsigned char 
		 -> entrada(64), 
 Auto vars:     Size  Location     Type
  s               1    2[BANK0 ] PTR unsigned char 
		 -> entrada(64), 
  c               2    0[BANK0 ] int 
  s1              1    3[BANK0 ] PTR unsigned char 
		 -> entrada(64), 
 Return value:  Size  Location     Type
                  1    wreg      PTR unsigned char 
 Registers used:
		wreg, fsr0l, fsr0h, status,2, status,0, pclath, cstack
 Tracked objects:
		On entry : 
		On exit  : 
		Unchanged: 
 Data sizes:     COMMON   BANK0   BANK1   BANK3   BANK2
      Params:         0       0       0       0       0
      Locals:         0       4       0       0       0
      Temps:          2       0       0       0       0
      Totals:         2       4       0       0       0
Total ram usage:        6 bytes
 Hardware stack levels used:    1
 Hardware stack levels required when called:    3
 This function calls:
		_getche
		_putch
 This function is called by:
		_main
 This function uses a non-reentrant model


 *************** function _getche *****************
 Defined at:
		line 34 in file "functions_uart.h"
 Parameters:    Size  Location     Type
		None
 Auto vars:     Size  Location     Type
  c               1    5[COMMON] unsigned char 
 Return value:  Size  Location     Type
                  1    wreg      unsigned char 
 Registers used:
		wreg, status,2, status,0, pclath, cstack
 Tracked objects:
		On entry : 
		On exit  : 
		Unchanged: 
 Data sizes:     COMMON   BANK0   BANK1   BANK3   BANK2
      Params:         0       0       0       0       0
      Locals:         1       0       0       0       0
      Temps:          0       0       0       0       0
      Totals:         1       0       0       0       0
Total ram usage:        1 bytes
 Hardware stack levels used:    1
 Hardware stack levels required when called:    2
 This function calls:
		_getch
		_putch
 This function is called by:
		_cgets
 This function uses a non-reentrant model


 *************** function _putch *****************
 Defined at:
		line 40 in file "functions_uart.h"
 Parameters:    Size  Location     Type
  byte            1    wreg     unsigned char 
 Auto vars:     Size  Location     Type
  byte            1    4[COMMON] unsigned char 
 Return value:  Size  Location     Type
                  1    wreg      void 
 Registers used:
		wreg, status,2, status,0
 Tracked objects:
		On entry : 
		On exit  : 
		Unchanged: 
 Data sizes:     COMMON   BANK0   BANK1   BANK3   BANK2
      Params:         0       0       0       0       0
      Locals:         1       0       0       0       0
      Temps:          0       0       0       0       0
      Totals:         1       0       0       0       0
Total ram usage:        1 bytes
 Hardware stack levels used:    1
 Hardware stack levels required when called:    1
 This function calls:
		Nothing
 This function is called by:
		_getche
		_printf
		_cgets
 This function uses a non-reentrant model


 *************** function _getch *****************
 Defined at:
		line 27 in file "functions_uart.h"
 Parameters:    Size  Location     Type
		None
 Auto vars:     Size  Location     Type
		None
 Return value:  Size  Location     Type
                  1    wreg      unsigned char 
 Registers used:
		wreg, status,2, status,0
 Tracked objects:
		On entry : 
		On exit  : 
		Unchanged: 
 Data sizes:     COMMON   BANK0   BANK1   BANK3   BANK2
      Params:         0       0       0       0       0
      Locals:         0       0       0       0       0
      Temps:          0       0       0       0       0
      Totals:         0       0       0       0       0
Total ram usage:        0 bytes
 Hardware stack levels used:    1
 Hardware stack levels required when called:    1
 This function calls:
		Nothing
 This function is called by:
		_getche
 This function uses a non-reentrant model


 *************** function _UART_init *****************
 Defined at:
		line 14 in file "functions_uart.h"
 Parameters:    Size  Location     Type
		None
 Auto vars:     Size  Location     Type
		None
 Return value:  Size  Location     Type
                  1    wreg      void 
 Registers used:
		wreg
 Tracked objects:
		On entry : 
		On exit  : 
		Unchanged: 
 Data sizes:     COMMON   BANK0   BANK1   BANK3   BANK2
      Params:         0       0       0       0       0
      Locals:         0       0       0       0       0
      Temps:          0       0       0       0       0
      Totals:         0       0       0       0       0
Total ram usage:        0 bytes
 Hardware stack levels used:    1
 Hardware stack levels required when called:    1
 This function calls:
		Nothing
 This function is called by:
		_main
 This function uses a non-reentrant model


 *************** function _interrupcao *****************
 Defined at:
		line 5 in file "uart.c"
 Parameters:    Size  Location     Type
		None
 Auto vars:     Size  Location     Type
		None
 Return value:  Size  Location     Type
                  1    wreg      void 
 Registers used:
		wreg, status,2
 Tracked objects:
		On entry : 
		On exit  : 
		Unchanged: 
 Data sizes:     COMMON   BANK0   BANK1   BANK3   BANK2
      Params:         0       0       0       0       0
      Locals:         0       0       0       0       0
      Temps:          4       0       0       0       0
      Totals:         4       0       0       0       0
Total ram usage:        4 bytes
 Hardware stack levels used:    1
 This function calls:
		Nothing
 This function is called by:
		Interrupt level 1
 This function uses a non-reentrant model



MODULE INFORMATION

Module		Function		Class		Link	Load	Size
uart.c
		_main          		CODE           	01D2	0000	65
		_interrupcao   		CODE           	02D6	0000	16

uart.c estimated size: 81

C:\Program Files (x86)\Microchip\xc8\v1.36\sources\common\atoi.c
		_atoi          		CODE           	0021	0000	114

C:\Program Files (x86)\Microchip\xc8\v1.36\sources\common\atoi.c estimated size: 114

C:\Program Files (x86)\Microchip\xc8\v1.36\sources\common\doprnt.c
		_printf        		CODE           	0092	0000	112

C:\Program Files (x86)\Microchip\xc8\v1.36\sources\common\doprnt.c estimated size: 112

C:\Program Files (x86)\Microchip\xc8\v1.36\sources\common\Umul16.c
		___wmul        		CODE           	0265	0000	40

C:\Program Files (x86)\Microchip\xc8\v1.36\sources\common\Umul16.c estimated size: 40

shared
		__stringtab    		STRING         	016A	0000	17
		__initialization		CODE           	0015	0000	9

shared estimated size: 26

C:\Program Files (x86)\Microchip\xc8\v1.36\sources\common\cgets.c
		_cgets         		CODE           	0101	0000	106

C:\Program Files (x86)\Microchip\xc8\v1.36\sources\common\cgets.c estimated size: 106

C:\Program Files (x86)\Microchip\xc8\v1.36\sources\common\isdigit.c
		_isdigit       		CODE           	02E5	0000	15

C:\Program Files (x86)\Microchip\xc8\v1.36\sources\common\isdigit.c estimated size: 15

functions_uart.h
		_putch         		CODE           	02AC	0000	23
		_UART_init     		CODE           	02C2	0000	21
		_is_numeric    		CODE           	023D	0000	41
		_getche        		CODE           	02F3	0000	12
		_pulse         		CODE           	0212	0000	44
		_getch         		CODE           	02FE	0000	10
		_manipula_entrada		CODE           	028C	0000	33

functions_uart.h estimated size: 184

