Microchip MPLAB XC8 Compiler V1.33 ()

Linker command line:

--edf=/opt/microchip/xc8/v1.33/dat/en_msgs.txt -cs \
  -h+dist/default/production/memory_random.X.production.sym \
  --cmf=dist/default/production/memory_random.X.production.cmf -z -Q16F877A \
  -o/tmp/cgtNEWW7U -Mdist/default/production/memory_random.X.production.map \
  -E1 -ver=XC8 -ASTACK=0110h-016fh -pstack=STACK -ACONST=00h-0FFhx32 \
  -ACODE=00h-07FFhx4 -ASTRCODE=00h-01FFFh -AENTRY=00h-0FFhx32 \
  -ASTRING=00h-0FFhx32 -ACOMMON=070h-07Fh -ABANK0=020h-06Fh \
  -ABANK1=0A0h-0EFh -ABANK2=0110h-016Fh -ABANK3=0190h-01EFh \
  -ARAM=020h-06Fh,0A0h-0EFh,0110h-016Fh,0190h-01EFh \
  -AABS1=020h-07Fh,0A0h-0EFh,0110h-016Fh,0190h-01EFh -ASFR0=00h-01Fh \
  -ASFR1=080h-09Fh -ASFR2=0100h-010Fh -ASFR3=0180h-018Fh \
  -preset_vec=00h,intentry=04h,init,end_init -ppowerup=CODE -pcinit=CODE \
  -pfunctab=CODE -ACONFIG=02007h-02007h -pconfig=CONFIG -DCONFIG=2 \
  -AIDLOC=02000h-02003h -pidloc=IDLOC -DIDLOC=2 -AEEDATA=00h-0FFh/02100h \
  -peeprom_data=EEDATA -DEEDATA=2 -DCODE=2 -DSTRCODE=2 -DSTRING=2 -DCONST=2 \
  -DENTRY=2 -k /tmp/cgt5ta0lV.obj \
  dist/default/production/memory_random.X.production.obj 

Object code version is 3.11

Machine type is 16F877A



                Name                               Link     Load   Length Selector   Space Scale
/tmp/cgt5ta0lV.obj
                end_init                             12       12        3        8       0
                reset_vec                             0        0        3        0       0
                config                             2007     2007        1     400E       0
dist/default/production/memory_random.X.production.obj
                cinit                                15       15        C        8       0
                intentry                              4        4        E        8       0
                text1                                21       21       7D        8       0
                maintext                             9E       9E       61        8       0
                cstackBANK0                          20       20        4       20       1
                cstackCOMMON                         70       70        7       70       1
                dataCOMMON                           7B       7B        1       70       1
                bssCOMMON                            78       78        3       70       1
                bitbssCOMMON                        3B8       77        5       70       1     8
                strings                             100      100       16      200       0
                idataCOMMON                         116      116        1      22C       0

TOTAL           Name                               Link     Load   Length     Space
        CLASS   STACK          

        CLASS   CONST          

        CLASS   CODE           
                end_init                             12       12        3         0
                cinit                                15       15        C         0
                intentry                              4        4        E         0
                reset_vec                             0        0        3         0
                text1                                21       21       7D         0
                maintext                             9E       9E       61         0
                idataCOMMON                         116      116        1         0

        CLASS   STRCODE        

        CLASS   ENTRY          

        CLASS   STRING         
                strings                             100      100       16         0

        CLASS   COMMON         
                cstackCOMMON                         70       70        7         1
                dataCOMMON                           7B       7B        1         1
                bssCOMMON                            78       78        3         1
                bitbssCOMMON                        3B8       77        5         1

        CLASS   BANK0          
                cstackBANK0                          20       20        4         1

        CLASS   BANK1          

        CLASS   BANK2          

        CLASS   BANK3          

        CLASS   RAM            

        CLASS   ABS1           
                abs_s1                               7E       7E        2         1

        CLASS   SFR0           

        CLASS   SFR1           

        CLASS   SFR2           

        CLASS   SFR3           

        CLASS   CONFIG         
                config                             2007     2007        1         0

        CLASS   IDLOC          

        CLASS   EEDATA         



SEGMENTS        Name                           Load    Length   Top    Selector   Space  Class     Delta

                reset_vec                      000000  000003  000003         0       0  CODE        2
                intentry                       000004  0000FB  0000FF         8       0  CODE        2
                cstackBANK0                    000020  000004  000024        20       1  BANK0       1
                cstackCOMMON                   000070  00000C  00007C        70       1  COMMON      1
                strings                        000100  000016  000116       200       0  STRING      2
                idataCOMMON                    000116  000001  000117       22C       0  CODE        2
                config                         002007  000001  002008      400E       0  CONFIG      2


UNUSED ADDRESS RANGES

        Name                Unused          Largest block    Delta
        BANK0            0024-006F             4C           1
        BANK1            00A0-00EF             50           1
        BANK2            0110-016F             60           1
        BANK3            0190-01EF             60           1
        CODE             0003-0003              1           2
                         00FF-00FF              1
                         0117-1FFF            800
        COMMON           007C-007D              2           1
        CONST            0003-0003              1           2
                         00FF-00FF              1
                         0117-1FFF            100
        EEDATA           2100-21FF            100           2
        ENTRY            0003-0003              1           2
                         00FF-00FF              1
                         0117-1FFF            100
        IDLOC            2000-2003              4           2
        RAM              0024-006F             4C           1
                         00A0-00EF             50
                         0110-016F             60
                         0190-01EF             60
        SFR0             0000-001F             20           1
        SFR1             0080-009F             20           1
        SFR2             0100-010F             10           1
        SFR3             0180-018F             10           1
        STACK            0110-016F             60           1
        STRCODE          0003-0003              1           2
                         00FF-00FF              1
                         0117-1FFF           1EE9
        STRING           0003-0003              1           2
                         00FF-00FF              1
                         0117-1FFF            100

                                  Symbol Table

_ADCS0                   (abs)        00FE
_ADCS1                   (abs)        00FF
_ADCS2                   (abs)        04FE
_ADFM                    (abs)        04FF
_ADIE                    (abs)        0466
_ADIF                    (abs)        0066
_ADON                    (abs)        00F8
_ADRESH                  (abs)        001E
_ADRESL                  (abs)        009E
_C1INV                   (abs)        04E4
_C1OUT                   (abs)        04E6
_C2INV                   (abs)        04E5
_CCP1M0                  (abs)        00B8
_CCP1M1                  (abs)        00B9
_CCP1M2                  (abs)        00BA
_CCP1M3                  (abs)        00BB
_CCP1X                   (abs)        00BD
_CCP1Y                   (abs)        00BC
_CCPR1L                  (abs)        0015
_CHS0                    (abs)        00FB
_CHS1                    (abs)        00FC
_CHS2                    (abs)        00FD
_CIS                     (abs)        04E3
_CM0                     (abs)        04E0
_CM1                     (abs)        04E1
_CM2                     (abs)        04E2
_CMIE                    (abs)        046E
_CMIF                    (abs)        006E
_GIE                     (abs)        005F
_GO_DONE                 (abs)        00FA
_INTE                    (abs)        005C
_INTEDG                  (abs)        040E
_INTF                    (abs)        0059
_PCFG0                   (abs)        04F8
_PCFG1                   (abs)        04F9
_PCFG2                   (abs)        04FA
_PCFG3                   (abs)        04FB
_PEIE                    (abs)        005E
_PR2                     (abs)        0092
_PS0                     (abs)        0408
_PS1                     (abs)        0409
_PS2                     (abs)        040A
_PSA                     (abs)        040B
_RB0                     (abs)        0030
_RC4                     (abs)        003C
_RC5                     (abs)        003D
_RCIE                    (abs)        0465
_RCIF                    (abs)        0065
_RCREG                   (abs)        001A
_T0CS                    (abs)        040D
_T0SE                    (abs)        040C
_T2CKPS0                 (abs)        0090
_T2CKPS1                 (abs)        0091
_TMR0IE                  (abs)        005D
_TMR0IF                  (abs)        005A
_TMR2ON                  (abs)        0092
_TOUTPS0                 (abs)        0093
_TOUTPS1                 (abs)        0094
_TOUTPS2                 (abs)        0095
_TOUTPS3                 (abs)        0096
_TRISA                   (abs)        0085
_TRISA0                  (abs)        0428
_TRISA1                  (abs)        0429
_TRISA3                  (abs)        042B
_TRISA4                  (abs)        042C
_TRISB                   (abs)        0086
_TRISC2                  (abs)        043A
_TRISD                   (abs)        0088
__CFG_BOREN$OFF          (abs)        0000
__CFG_CP$OFF             (abs)        0000
__CFG_CPD$OFF            (abs)        0000
__CFG_FOSC$HS            (abs)        0000
__CFG_LVP$OFF            (abs)        0000
__CFG_PWRTE$OFF          (abs)        0000
__CFG_WDTE$OFF           (abs)        0000
__CFG_WRT$OFF            (abs)        0000
__Habs1                  abs1         0000
__Hbank0                 bank0        0000
__Hbank1                 bank1        0000
__Hbank2                 bank2        0000
__Hbank3                 bank3        0000
__HbitbssCOMMON          bitbssCOMMON 0000
__HbssCOMMON             bssCOMMON    0000
__Hcinit                 cinit        0021
__Hclrtext               clrtext      0000
__Hcode                  code         0000
__Hcommon                common       0000
__Hconfig                config       2008
__HcstackBANK0           cstackBANK0  0000
__HcstackCOMMON          cstackCOMMON 0000
__HdataCOMMON            dataCOMMON   0000
__Heeprom_data           eeprom_data  0000
__Hend_init              end_init     0015
__Hfunctab               functab      0000
__HidataCOMMON           idataCOMMON  0000
__Hidloc                 idloc        0000
__Hinit                  init         0012
__Hintentry              intentry     0012
__Hmaintext              maintext     0000
__Hpowerup               powerup      0000
__Hram                   ram          0000
__Hreset_vec             reset_vec    0003
__Hsfr0                  sfr0         0000
__Hsfr1                  sfr1         0000
__Hsfr2                  sfr2         0000
__Hsfr3                  sfr3         0000
__Hspace_0               (abs)        2008
__Hspace_1               (abs)        03BD
__Hspace_2               (abs)        0000
__Hspace_3               (abs)        0000
__Hstack                 stack        0000
__Hstrings               strings      0000
__Htext                  text         0000
__Labs1                  abs1         0000
__Lbank0                 bank0        0000
__Lbank1                 bank1        0000
__Lbank2                 bank2        0000
__Lbank3                 bank3        0000
__LbitbssCOMMON          bitbssCOMMON 0000
__LbssCOMMON             bssCOMMON    0000
__Lcinit                 cinit        0015
__Lclrtext               clrtext      0000
__Lcode                  code         0000
__Lcommon                common       0000
__Lconfig                config       2007
__LcstackBANK0           cstackBANK0  0000
__LcstackCOMMON          cstackCOMMON 0000
__LdataCOMMON            dataCOMMON   0000
__Leeprom_data           eeprom_data  0000
__Lend_init              end_init     0012
__Lfunctab               functab      0000
__LidataCOMMON           idataCOMMON  0000
__Lidloc                 idloc        0000
__Linit                  init         0012
__Lintentry              intentry     0004
__Lmaintext              maintext     0000
__Lpowerup               powerup      0000
__Lram                   ram          0000
__Lreset_vec             reset_vec    0000
__Lsfr0                  sfr0         0000
__Lsfr1                  sfr1         0000
__Lsfr2                  sfr2         0000
__Lsfr3                  sfr3         0000
__Lspace_0               (abs)        0000
__Lspace_1               (abs)        0000
__Lspace_2               (abs)        0000
__Lspace_3               (abs)        0000
__Lstack                 stack        0000
__Lstrings               strings      0000
__Ltext                  text         0000
__S0                     (abs)        2008
__S1                     (abs)        007C
__S2                     (abs)        0000
__S3                     (abs)        0000
___int_sp                stack        0000
___latbits               (abs)        0002
___sp                    stack        0000
__end_of__initialization cinit        001D
__end_of__stringtab      strings      0106
__end_of_digito          strings      0116
__end_of_main            maintext     00FF
__end_of_tratar          text1        009E
__initialization         cinit        0015
__pbitbssCOMMON          bitbssCOMMON 03B8
__pbssCOMMON             bssCOMMON    0078
__pcstackBANK0           cstackBANK0  0020
__pcstackCOMMON          cstackCOMMON 0070
__pdataCOMMON            dataCOMMON   007B
__pidataCOMMON           idataCOMMON  0116
__pintentry              intentry     0004
__pmaintext              maintext     009E
__pstrings               strings      0100
__ptext1                 text1        0021
__size_of_main           (abs)        0000
__size_of_tratar         (abs)        0000
__stringbase             strings      0105
__stringtab              strings      0100
_a                       dataCOMMON   007B
_ad_data                 bssCOMMON    0078
_cnt_display             bssCOMMON    0079
_cnt_teclado             bssCOMMON    007A
_digito                  strings      0106
_display_flag            bitbssCOMMON 03B8
_flag                    bitbssCOMMON 03B9
_flagAD                  bitbssCOMMON 03BA
_flagLED                 bitbssCOMMON 03BB
_flagWR                  bitbssCOMMON 03BC
_main                    maintext     009E
_tratar                  text1        0021
btemp                    (abs)        007E
end_of_initialization    cinit        001D
interrupt_function       intentry     0004
intlevel0                functab      0000
intlevel1                functab      0000
intlevel2                functab      0000
intlevel3                functab      0000
intlevel4                functab      0000
intlevel5                functab      0000
ltemp                    (abs)        007E
ltemp0                   (abs)        007E
ltemp1                   (abs)        0082
ltemp2                   (abs)        0086
ltemp3                   (abs)        0080
reset_vec                reset_vec    0000
saved_w                  (abs)        007E
stackhi                  (abs)        0000
stacklo                  (abs)        0000
start                    init         0012
start_initialization     cinit        0015
ttemp                    (abs)        007E
ttemp0                   (abs)        007E
ttemp1                   (abs)        0081
ttemp2                   (abs)        0084
ttemp3                   (abs)        0087
ttemp4                   (abs)        007F
wtemp                    (abs)        007E
wtemp0                   (abs)        007E
wtemp1                   (abs)        0080
wtemp2                   (abs)        0082
wtemp3                   (abs)        0084
wtemp4                   (abs)        0086
wtemp5                   (abs)        0088
wtemp6                   (abs)        007F


FUNCTION INFORMATION:

 *************** function _main *****************
 Defined at:
		line 122 in file "memory_random.c"
 Parameters:    Size  Location     Type
  argc            2    0[BANK0 ] int 
  argv            2    2[BANK0 ] PTR PTR unsigned char 
 Auto vars:     Size  Location     Type
		None
 Return value:  Size  Location     Type
                  2    0[BANK0 ] int 
 Registers used:
		wreg, status,2
 Tracked objects:
		On entry : 
		On exit  : 
		Unchanged: 
 Data sizes:     COMMON   BANK0   BANK1   BANK3   BANK2
      Params:         0       4       0       0       0
      Locals:         0       0       0       0       0
      Temps:          0       0       0       0       0
      Totals:         0       4       0       0       0
Total ram usage:        4 bytes
 Hardware stack levels required when called:    1
 This function calls:
		Nothing
 This function is called by:
		Startup code after reset
 This function uses a non-reentrant model


 *************** function _tratar *****************
 Defined at:
		line 59 in file "memory_random.c"
 Parameters:    Size  Location     Type
		None
 Auto vars:     Size  Location     Type
		None
 Return value:  Size  Location     Type
		None               void
 Registers used:
		wreg, status,2, status,0
 Tracked objects:
		On entry : 
		On exit  : 
		Unchanged: 
 Data sizes:     COMMON   BANK0   BANK1   BANK3   BANK2
      Params:         0       0       0       0       0
      Locals:         0       0       0       0       0
      Temps:          7       0       0       0       0
      Totals:         7       0       0       0       0
Total ram usage:        7 bytes
 Hardware stack levels used:    1
 This function calls:
		Nothing
 This function is called by:
		Interrupt level 1
 This function uses a non-reentrant model



MODULE INFORMATION

Module		Function		Class		Link	Load	Size
shared
		__stringtab    		STRING         	0100	0000	6
		__initializatio		CODE           	0015	0000	8
		_digito        		STRING         	0106	0000	16

shared estimated size: 30

memory_random.c
		_main          		CODE           	009E	0000	97
		_tratar        		CODE           	0021	0000	125

memory_random.c estimated size: 222

